[server] WebTorrent client created
Movie Downloader running at http://localhost:3555
